<?xml version="1.0" encoding="UTF-8"?>
<TestRun id="99414e89-de95-478f-8c77-d467546de528" name="zhong_000@ZHONGT-PC 2015-01-22 18:12:58" runUser="ZHONGT-PC\zhong_000" xmlns="http://microsoft.com/schemas/VisualStudio/TeamTest/2010">
  <TestSettings name="Local" id="ca88670b-65a1-4f34-9049-983db6cc6569">
    <Description>These are default test settings for a local test run.</Description>
    <Deployment enabled="false" runDeploymentRoot="zhong_000_ZHONGT-PC 2015-01-22 18_12_58">
      <DeploymentItem filename="E:\doc\03.Project\001.BingoLink\source\trunk\6.client\emb-http-client\net\EmbHttpClient\EmbHttpClient\bin\Debug\Emb.Http.Client.dll" />
    </Deployment>
    <Execution>
      <TestTypeSpecific />
      <AgentRule name="Execution Agents">
      </AgentRule>
    </Execution>
  </TestSettings>
  <Times creation="2015-01-22T18:12:58.9210283+08:00" queuing="2015-01-22T18:13:00.9512201+08:00" start="2015-01-22T18:13:01.1562938+08:00" finish="2015-01-22T18:15:58.1616252+08:00" />
  <ResultSummary outcome="Error">
    <Counters total="1" executed="1" error="0" failed="0" timeout="0" aborted="1" inconclusive="0" passedButRunAborted="0" notRunnable="0" notExecuted="0" disconnected="0" warning="0" passed="0" completed="0" inProgress="0" pending="0" />
    <RunInfos>
      <RunInfo computerName="ZHONGT-PC" outcome="Error" timestamp="2015-01-22T18:15:58.1606244+08:00">
        <Text>Test host process exited unexpectedly.</Text>
      </RunInfo>
    </RunInfos>
  </ResultSummary>
  <TestDefinitions>
    <UnitTest name="TestSendTextMessage" storage="e:\doc\03.project\001.bingolink\source\trunk\6.client\emb-http-client\net\embhttpclient\emb.http.client.test\bin\debug\emb.http.client.test.dll" id="15f9482c-c68e-e09d-8444-c5125ba6e769">
      <Execution id="b320e08a-9dc3-4b5e-bf14-c0a1b744f022" />
      <TestMethod codeBase="E:/doc/03.Project/001.BingoLink/source/trunk/6.client/emb-http-client/net/EmbHttpClient/Emb.Http.Client.Test/bin/Debug/Emb.Http.Client.Test.DLL" adapterTypeName="Microsoft.VisualStudio.TestTools.TestTypes.Unit.UnitTestAdapter, Microsoft.VisualStudio.QualityTools.Tips.UnitTest.Adapter, Version=10.0.0.0, Culture=neutral, PublicKeyToken=b03f5f7f11d50a3a" className="Emb.Http.Client.Test.EmbHttpClientTest, Emb.Http.Client.Test, Version=1.0.0.0, Culture=neutral, PublicKeyToken=null" name="TestSendTextMessage" />
    </UnitTest>
  </TestDefinitions>
  <TestLists>
    <TestList name="Results Not in a List" id="8c84fa94-04c1-424b-9868-57a2d4851a1d" />
    <TestList name="All Loaded Results" id="19431567-8539-422a-85d7-44ee4e166bda" />
  </TestLists>
  <TestEntries>
    <TestEntry testId="15f9482c-c68e-e09d-8444-c5125ba6e769" executionId="b320e08a-9dc3-4b5e-bf14-c0a1b744f022" testListId="8c84fa94-04c1-424b-9868-57a2d4851a1d" />
  </TestEntries>
  <Results>
    <UnitTestResult executionId="b320e08a-9dc3-4b5e-bf14-c0a1b744f022" testId="15f9482c-c68e-e09d-8444-c5125ba6e769" testName="TestSendTextMessage" computerName="ZHONGT-PC" duration="00:02:56.8422706" startTime="2015-01-22T18:13:01.3193546+08:00" endTime="2015-01-22T18:15:58.1616252+08:00" testType="13cdc9d9-ddb5-4fa4-a97d-d965ccfc6d4b" outcome="Aborted" testListId="8c84fa94-04c1-424b-9868-57a2d4851a1d" relativeResultsDirectory="b320e08a-9dc3-4b5e-bf14-c0a1b744f022">
    </UnitTestResult>
  </Results>
</TestRun>